BGP	14	969	1

	1	TCP 100.16.1.1:179 <-> 100.16.1.2:18324 [proto: 13/BGP][14 pkts/969 bytes]
