COAP	800	80676	4
MQTT	7695	668291	4

	1	UDP 192.168.56.1:50318 <-> 192.168.56.101:17500 [proto: 222/COAP][200 pkts/20220 bytes]
	2	UDP 192.168.56.1:50312 <-> 192.168.56.101:17500 [proto: 222/COAP][200 pkts/20194 bytes]
	3	TCP 192.168.56.1:53523 <-> 192.168.56.101:17501 [proto: 223/MQTT][1926 pkts/167126 bytes]
	4	UDP 192.168.56.1:50311 <-> 192.168.56.101:17500 [proto: 222/COAP][200 pkts/20120 bytes]
	5	UDP 192.168.56.1:50319 <-> 192.168.56.101:17500 [proto: 222/COAP][200 pkts/20142 bytes]
	6	TCP 192.168.56.1:53522 <-> 192.168.56.101:17501 [proto: 223/MQTT][1922 pkts/166928 bytes]
	7	TCP 192.168.56.1:53528 <-> 192.168.56.101:17501 [proto: 223/MQTT][1928 pkts/167509 bytes]
	8	TCP 192.168.56.1:53524 <-> 192.168.56.101:17501 [proto: 223/MQTT][1919 pkts/166728 bytes]
