COAP	800	80676	4

	1	UDP 192.168.56.1:50318 <-> 192.168.56.101:17500 [proto: 222/COAP][200 pkts/20220 bytes]
	2	UDP 192.168.56.1:50312 <-> 192.168.56.101:17500 [proto: 222/COAP][200 pkts/20194 bytes]
	3	UDP 192.168.56.1:50311 <-> 192.168.56.101:17500 [proto: 222/COAP][200 pkts/20120 bytes]
	4	UDP 192.168.56.1:50319 <-> 192.168.56.101:17500 [proto: 222/COAP][200 pkts/20142 bytes]
