DNScrypt	111	44676	4

	1	TCP 134.119.26.24:443 <-> 192.168.43.167:50258 [proto: 91.208/SSL.DNScrypt][18 pkts/8515 bytes][client: simplednscrypt.org]
	2	TCP 134.119.26.24:443 <-> 192.168.43.167:50233 [proto: 91.208/SSL.DNScrypt][39 pkts/16368 bytes][client: simplednscrypt.org]
	3	TCP 134.119.26.24:443 <-> 192.168.43.167:50253 [proto: 91.208/SSL.DNScrypt][18 pkts/8515 bytes][client: simplednscrypt.org]
	4	TCP 134.119.26.24:443 <-> 192.168.43.167:50259 [proto: 91.208/SSL.DNScrypt][36 pkts/11278 bytes][client: simplednscrypt.org]
