QUIC	512	341494	9

	1	UDP 192.168.1.105:48445 <-> 216.58.214.110:443 [proto: 188/QUIC][3 pkts/2863 bytes]
	2	UDP 192.168.1.105:53817 <-> 216.58.210.225:443 [proto: 188/QUIC][2 pkts/2784 bytes]
	3	UDP 216.58.212.101:443 <-> 192.168.1.109:57833 [proto: 188/QUIC][413 pkts/254874 bytes]
	4	UDP 172.217.16.3:443 <-> 192.168.1.105:40461 [proto: 188/QUIC][3 pkts/364 bytes]
	5	UDP 172.217.16.4:443 <-> 192.168.1.105:45669 [proto: 188/QUIC][5 pkts/4334 bytes]
	6	UDP 192.168.1.105:34438 <-> 216.58.210.238:443 [proto: 188/QUIC][7 pkts/6545 bytes]
	7	UDP 192.168.1.109:35236 <-> 216.58.210.206:443 [proto: 188/QUIC][69 pkts/58433 bytes]
	8	UDP 192.168.1.105:40030 <-> 216.58.201.227:443 [proto: 188/QUIC][6 pkts/5729 bytes]
	9	UDP 192.168.1.105:55934 <-> 216.58.201.238:443 [proto: 188/QUIC][4 pkts/5568 bytes]
