QUIC	289	191639	3

	1	UDP 192.168.1.7:53859 <-> 216.58.205.66:443 [proto: 188/QUIC][18 pkts/8665 bytes]
	2	UDP 192.168.1.7:54997 <-> 216.58.205.66:443 [proto: 188/QUIC][13 pkts/4479 bytes]
	3	UDP 192.168.1.7:56074 <-> 216.58.198.33:443 [proto: 188/QUIC][258 pkts/178495 bytes]
